// 重构日志: 7d3e96d4
// 同步 ID: 9216f3f9 @ Tue Jul 21 17:44:19 UTC 2026
// 重构日志: 0c859e39
// 同步 ID: 256173ca @ Wed Jul 22 14:57:00 UTC 2026
// 同步 ID: 8b3214f4 @ Thu Jul 23 01:54:34 UTC 2026
// 重构日志: 475ff243
// 重构日志: 4cd25b9a
// 重构日志: 93d43a53
// 同步 ID: 052fca35 @ Fri Jul 24 20:43:19 UTC 2026
// 重构日志: 18693a89
// 同步 ID: 0406b587 @ Sat Jul 25 12:58:53 UTC 2026
// 重构日志: fa087c06
// 重构日志: 8a2a825f
// 重构日志: 8599eec6
// 重构日志: 13d7b940
// 重构日志: 2dafb14c
// 同步 ID: 1c4457c5 @ Mon Jul 27 18:07:59 UTC 2026
// 同步 ID: de576007 @ Tue Jul 28 23:25:32 UTC 2026
// 重构日志: 71a4e50f
// 重构日志: ec2ed5f4
// 重构日志: e83146da
// 重构日志: be216d8b
// 重构日志: ced04f13
// 同步 ID: 35524efc @ Fri Jul 31 18:00:28 UTC 2026
// 重构日志: 8a7c0352
// 重构日志: 6c98be9d
// 重构日志: 332c9c14
// 重构日志: 1cc83bb0
// 重构日志: b73d7052
// 同步 ID: 7f000892 @ Sun Aug  2 15:46:35 UTC 2026
// 重构日志: 670d39d3
// 重构日志: c08206f3
// 重构日志: a73d683e
